../Application/User/ethernetif.c:128:13:low_level_init	184	static
../Application/User/ethernetif.c:260:14:low_level_output	80	static
../Application/User/ethernetif.c:331:22:low_level_input	24	static
../Application/User/ethernetif.c:349:13:ethernetif_input	24	static
../Application/User/ethernetif.c:386:7:ethernetif_init	16	static
../Application/User/ethernetif.c:423:6:pbuf_free_custom	24	static
../Application/User/ethernetif.c:441:7:sys_now	8	static
../Application/User/ethernetif.c:454:6:HAL_ETH_MspInit	64	static
../Application/User/ethernetif.c:507:6:HAL_ETH_RxCpltCallback	16	static
../Application/User/ethernetif.c:517:6:HAL_ETH_TxCpltCallback	16	static
../Application/User/ethernetif.c:527:6:HAL_ETH_ErrorCallback	16	static
../Application/User/ethernetif.c:543:9:ETH_PHY_IO_Init	8	static
../Application/User/ethernetif.c:560:9:ETH_PHY_IO_DeInit	4	static
../Application/User/ethernetif.c:572:9:ETH_PHY_IO_ReadReg	24	static
../Application/User/ethernetif.c:589:9:ETH_PHY_IO_WriteReg	24	static
../Application/User/ethernetif.c:603:9:ETH_PHY_IO_GetTick	8	static
../Application/User/ethernetif.c:613:6:ethernet_link_thread	136	static
../Application/User/ethernetif.c:676:6:HAL_ETH_RxAllocateCallback	32	static
../Application/User/ethernetif.c:696:6:HAL_ETH_RxLinkCallback	40	static
../Application/User/ethernetif.c:729:6:HAL_ETH_TxFreeCallback	16	static
../Application/User/ethernetif.c:739:6:RMII_Thread	16	static
