C:/Users/faiss/Desktop/Projet_final/Drivers/CMSIS/Core/Include/core_cm7.h:2229:22:SCB_EnableICache	4	static,ignoring_inline_asm
C:/Users/faiss/Desktop/Projet_final/Drivers/CMSIS/Core/Include/core_cm7.h:2281:22:SCB_EnableDCache	24	static,ignoring_inline_asm
../Application/User/main.c:84:6:parse_calendar_buffer	128	static
../Application/User/main.c:136:6:draw_schedule_bsp	176	static
../Application/User/main.c:214:6:LCD_StartupDisplayTask	16	static
../Application/User/main.c:242:6:StartLEDTask	16	static
../Application/User/main.c:251:6:Calendar_Display_Task	8	static
../Application/User/main.c:277:5:main	56	static
../Application/User/main.c:347:13:StartThread	72	static
../Application/User/main.c:418:13:Netif_Config	88	static
../Application/User/main.c:461:13:BSP_Config	8	static
../Application/User/main.c:535:13:SystemClock_Config	104	static
../Application/User/main.c:599:13:MPU_Config	24	static
../Application/User/main.c:690:13:CPU_CACHE_Enable	8	static
../Application/User/main.c:724:13:RNG_Init	16	static
../Application/User/main.c:741:6:Error_Handler	8	static
../Application/User/main.c:749:6:Success_Handler	8	static
