C:/Users/faiss/Desktop/lwip_serveur/STM32CubeF7/Utilities/Log/lcd_log.c:141:6:LCD_LOG_Init	8	static
C:/Users/faiss/Desktop/lwip_serveur/STM32CubeF7/Utilities/Log/lcd_log.c:155:6:LCD_LOG_DeInit	4	static
C:/Users/faiss/Desktop/lwip_serveur/STM32CubeF7/Utilities/Log/lcd_log.c:177:6:LCD_LOG_SetHeader	16	static
C:/Users/faiss/Desktop/lwip_serveur/STM32CubeF7/Utilities/Log/lcd_log.c:201:6:LCD_LOG_SetFooter	24	static
C:/Users/faiss/Desktop/lwip_serveur/STM32CubeF7/Utilities/Log/lcd_log.c:225:6:LCD_LOG_ClearTextZone	16	static
C:/Users/faiss/Desktop/lwip_serveur/STM32CubeF7/Utilities/Log/lcd_log.c:243:1:__io_putchar	32	static
C:/Users/faiss/Desktop/lwip_serveur/STM32CubeF7/Utilities/Log/lcd_log.c:319:6:LCD_LOG_UpdateDisplay	16	static
C:/Users/faiss/Desktop/lwip_serveur/STM32CubeF7/Utilities/Log/lcd_log.c:367:13:LCD_LOG_ScrollBack	8	static
C:/Users/faiss/Desktop/lwip_serveur/STM32CubeF7/Utilities/Log/lcd_log.c:439:13:LCD_LOG_ScrollForward	8	static
